
reset
import acis "7cells-iris38-wg40.sat"
vol all schem Tetmesh
block 1 vol 1
block all element type tetra10
##setting BC_ID
##ports
compress ids
group "wg1" add surface 112
group "wg2" add surface 62
group "beampipe3" add surface 107
group "beampipe4" add surface 57
group "wall6" add surface all
wall6 remove surface in wg1
wall6 remove surface in wg2
wall6 remove surface in beampipe3
wall6 remove surface in beampipe4
sideset 1 surface in wg1
sideset 2 surface in wg2
sideset 3 surface in beampipe3
sideset 4 surface in beampipe4
sideset 6 surface in wall6
vol 1 size auto factor 3
mesh vol 1
transform mesh output scale {0.001}
export genesis "7cells-iris38-wg40.gen" overwrite
quality vol all distortion high 0.0 draw mesh
quality vol all aspect ratio
#######568005




######################################
reset
import acis "7cells-iris36-wg42.sat"
vol all schem Tetmesh
block 1 vol 1
block all element type tetra10
##setting BC_ID
##ports
compress ids
group "wg1" add surface 112
group "wg2" add surface 62
group "beampipe3" add surface 107
group "beampipe4" add surface 57
group "wall6" add surface all
wall6 remove surface in wg1
wall6 remove surface in wg2
wall6 remove surface in beampipe3
wall6 remove surface in beampipe4
sideset 1 surface in wg1
sideset 2 surface in wg2
sideset 3 surface in beampipe3
sideset 4 surface in beampipe4
sideset 6 surface in wall6
vol 1 size auto factor 3
mesh vol 1
transform mesh output scale {0.001}
export genesis "7cells-iris36-wg42.gen" overwrite
quality vol all distortion high 0.0 draw mesh
quality vol all aspect ratio
#######568005